026-C3-PM9b cache-cold frozen install
base_sha=a3fa570a8d5bc255b469aaca2c8246d325ae9a86
node=v24.13.0
yarn=1.22.22
preexisting_node_modules=0
package_cache_initial_entries=0
lock_sha256_before=feee4be35c58f01d630b48eb909038a879bfaffde45e659e26b1809fc8eb80bc
internal_host_occurrences_before=0
command=yarn install --production=false --non-interactive --network-concurrency 1 --ignore-engines --frozen-lockfile
--- yarn output ---
yarn install v1.22.22
warning package-lock.json found. Your project contains lock files generated by tools other than Yarn. It is advised not to mix package managers in order to avoid resolution inconsistencies caused by unsynchronized lock files. To clear this warning, remove package-lock.json.
[1/4] Resolving packages...
(node:3099) [DEP0169] DeprecationWarning: `url.parse()` behavior is not standardized and prone to errors that have security implications. Use the WHATWG URL API instead. CVEs are not issued for `url.parse()` vulnerabilities.
(Use `node --trace-deprecation ...` to show where the warning was created)
[2/4] Fetching packages...
[3/4] Linking dependencies...
warning Workspaces can only be enabled in private projects.
warning Workspaces can only be enabled in private projects.
[4/4] Building fresh packages...
Done in 33.26s.
--- post-install proof ---
lock_sha256_after=feee4be35c58f01d630b48eb909038a879bfaffde45e659e26b1809fc8eb80bc
lock_unchanged=yes
internal_host_occurrences_after=0
install_result=PASS
