client_test_script=vitest run

> echoai-client@1.0.0 test
> vitest run


 RUN  v3.2.6 /home/runner/workspace/.local/pm9b-lockfile-portability-repair/EchoAI/client

 ✓ src/voice/calibration.test.js (31 tests) 13ms
 ✓ src/voice/conversationHelpers.test.js (149 tests) 201ms
 ✓ src/onboarding/guided/FirstWinStep.postwin.test.jsx (10 tests) 231ms
 ✓ src/onboarding/guided/AdsDestinationCapture.test.jsx (16 tests) 323ms
 ✓ src/onboarding/SetupAgent.beacon.test.jsx (12 tests) 261ms
 ✓ src/onboarding/SetupAgent.owneraction.test.jsx (15 tests) 485ms
stderr | src/onboarding/SetupAgent.test.jsx > SetupAgent raced-outcome render branches > 409 without a session body reconciles (bounded re-attempt) and converges — never a dead terminal banner
Warning: An update to SetupAgent inside a test was not wrapped in act(...).

When testing, code that causes React state updates should be wrapped into act(...):

act(() => {
  /* fire events that update state */
});
/* assert on the output */

This ensures that you're testing the behavior the user would see in the browser. Learn more at https://reactjs.org/link/wrap-tests-with-act
    at SetupAgent (/home/runner/workspace/.local/pm9b-lockfile-portability-repair/EchoAI/client/src/onboarding/SetupAgent.jsx:152:3)
Warning: An update to SetupAgent inside a test was not wrapped in act(...).

When testing, code that causes React state updates should be wrapped into act(...):

act(() => {
  /* fire events that update state */
});
/* assert on the output */

This ensures that you're testing the behavior the user would see in the browser. Learn more at https://reactjs.org/link/wrap-tests-with-act
    at SetupAgent (/home/runner/workspace/.local/pm9b-lockfile-portability-repair/EchoAI/client/src/onboarding/SetupAgent.jsx:152:3)
Warning: An update to SetupAgent inside a test was not wrapped in act(...).

When testing, code that causes React state updates should be wrapped into act(...):

act(() => {
  /* fire events that update state */
});
/* assert on the output */

This ensures that you're testing the behavior the user would see in the browser. Learn more at https://reactjs.org/link/wrap-tests-with-act
    at SetupAgent (/home/runner/workspace/.local/pm9b-lockfile-portability-repair/EchoAI/client/src/onboarding/SetupAgent.jsx:152:3)
Warning: An update to SetupAgent inside a test was not wrapped in act(...).

When testing, code that causes React state updates should be wrapped into act(...):

act(() => {
  /* fire events that update state */
});
/* assert on the output */

This ensures that you're testing the behavior the user would see in the browser. Learn more at https://reactjs.org/link/wrap-tests-with-act
    at SetupAgent (/home/runner/workspace/.local/pm9b-lockfile-portability-repair/EchoAI/client/src/onboarding/SetupAgent.jsx:152:3)
Warning: An update to SetupAgent inside a test was not wrapped in act(...).

When testing, code that causes React state updates should be wrapped into act(...):

act(() => {
  /* fire events that update state */
});
/* assert on the output */

This ensures that you're testing the behavior the user would see in the browser. Learn more at https://reactjs.org/link/wrap-tests-with-act
    at SetupAgent (/home/runner/workspace/.local/pm9b-lockfile-portability-repair/EchoAI/client/src/onboarding/SetupAgent.jsx:152:3)
Warning: An update to SetupAgent inside a test was not wrapped in act(...).

When testing, code that causes React state updates should be wrapped into act(...):

act(() => {
  /* fire events that update state */
});
/* assert on the output */

This ensures that you're testing the behavior the user would see in the browser. Learn more at https://reactjs.org/link/wrap-tests-with-act
    at SetupAgent (/home/runner/workspace/.local/pm9b-lockfile-portability-repair/EchoAI/client/src/onboarding/SetupAgent.jsx:152:3)
Warning: An update to SetupAgent inside a test was not wrapped in act(...).

When testing, code that causes React state updates should be wrapped into act(...):

act(() => {
  /* fire events that update state */
});
/* assert on the output */

This ensures that you're testing the behavior the user would see in the browser. Learn more at https://reactjs.org/link/wrap-tests-with-act
    at SetupAgent (/home/runner/workspace/.local/pm9b-lockfile-portability-repair/EchoAI/client/src/onboarding/SetupAgent.jsx:152:3)

stderr | src/onboarding/SetupAgent.test.jsx > SetupAgent raced-outcome render branches > 409 without a session body reconciles (bounded re-attempt) and converges — never a dead terminal banner
Warning: An update to SetupAgent inside a test was not wrapped in act(...).

When testing, code that causes React state updates should be wrapped into act(...):

act(() => {
  /* fire events that update state */
});
/* assert on the output */

This ensures that you're testing the behavior the user would see in the browser. Learn more at https://reactjs.org/link/wrap-tests-with-act
    at SetupAgent (/home/runner/workspace/.local/pm9b-lockfile-portability-repair/EchoAI/client/src/onboarding/SetupAgent.jsx:152:3)

stderr | src/onboarding/SetupAgent.test.jsx > SetupAgent raced-outcome render branches > 409 without a session body reconciles (bounded re-attempt) and converges — never a dead terminal banner
Warning: An update to SetupAgent inside a test was not wrapped in act(...).

When testing, code that causes React state updates should be wrapped into act(...):

act(() => {
  /* fire events that update state */
});
/* assert on the output */

This ensures that you're testing the behavior the user would see in the browser. Learn more at https://reactjs.org/link/wrap-tests-with-act
    at SetupAgent (/home/runner/workspace/.local/pm9b-lockfile-portability-repair/EchoAI/client/src/onboarding/SetupAgent.jsx:152:3)

stderr | src/onboarding/SetupAgent.test.jsx > SetupAgent raced-outcome render branches > 409 without a session body reconciles (bounded re-attempt) and converges — never a dead terminal banner
Warning: An update to SetupAgent inside a test was not wrapped in act(...).

When testing, code that causes React state updates should be wrapped into act(...):

act(() => {
  /* fire events that update state */
});
/* assert on the output */

This ensures that you're testing the behavior the user would see in the browser. Learn more at https://reactjs.org/link/wrap-tests-with-act
    at SetupAgent (/home/runner/workspace/.local/pm9b-lockfile-portability-repair/EchoAI/client/src/onboarding/SetupAgent.jsx:152:3)
Warning: An update to SetupAgent inside a test was not wrapped in act(...).

When testing, code that causes React state updates should be wrapped into act(...):

act(() => {
  /* fire events that update state */
});
/* assert on the output */

This ensures that you're testing the behavior the user would see in the browser. Learn more at https://reactjs.org/link/wrap-tests-with-act
    at SetupAgent (/home/runner/workspace/.local/pm9b-lockfile-portability-repair/EchoAI/client/src/onboarding/SetupAgent.jsx:152:3)
Warning: An update to SetupAgent inside a test was not wrapped in act(...).

When testing, code that causes React state updates should be wrapped into act(...):

act(() => {
  /* fire events that update state */
});
/* assert on the output */

This ensures that you're testing the behavior the user would see in the browser. Learn more at https://reactjs.org/link/wrap-tests-with-act
    at SetupAgent (/home/runner/workspace/.local/pm9b-lockfile-portability-repair/EchoAI/client/src/onboarding/SetupAgent.jsx:152:3)
Warning: An update to SetupAgent inside a test was not wrapped in act(...).

When testing, code that causes React state updates should be wrapped into act(...):

act(() => {
  /* fire events that update state */
});
/* assert on the output */

This ensures that you're testing the behavior the user would see in the browser. Learn more at https://reactjs.org/link/wrap-tests-with-act
    at SetupAgent (/home/runner/workspace/.local/pm9b-lockfile-portability-repair/EchoAI/client/src/onboarding/SetupAgent.jsx:152:3)
Warning: An update to SetupAgent inside a test was not wrapped in act(...).

When testing, code that causes React state updates should be wrapped into act(...):

act(() => {
  /* fire events that update state */
});
/* assert on the output */

This ensures that you're testing the behavior the user would see in the browser. Learn more at https://reactjs.org/link/wrap-tests-with-act
    at SetupAgent (/home/runner/workspace/.local/pm9b-lockfile-portability-repair/EchoAI/client/src/onboarding/SetupAgent.jsx:152:3)
Warning: An update to SetupAgent inside a test was not wrapped in act(...).

When testing, code that causes React state updates should be wrapped into act(...):

act(() => {
  /* fire events that update state */
});
/* assert on the output */

This ensures that you're testing the behavior the user would see in the browser. Learn more at https://reactjs.org/link/wrap-tests-with-act
    at SetupAgent (/home/runner/workspace/.local/pm9b-lockfile-portability-repair/EchoAI/client/src/onboarding/SetupAgent.jsx:152:3)

stderr | src/onboarding/SetupAgent.test.jsx > SetupAgent raced-outcome render branches > a lease that never lifts ends in an honest bounded-timeout message, not an eternal wait
Warning: An update to SetupAgent inside a test was not wrapped in act(...).

When testing, code that causes React state updates should be wrapped into act(...):

act(() => {
  /* fire events that update state */
});
/* assert on the output */

This ensures that you're testing the behavior the user would see in the browser. Learn more at https://reactjs.org/link/wrap-tests-with-act
    at SetupAgent (/home/runner/workspace/.local/pm9b-lockfile-portability-repair/EchoAI/client/src/onboarding/SetupAgent.jsx:152:3)
Warning: An update to SetupAgent inside a test was not wrapped in act(...).

When testing, code that causes React state updates should be wrapped into act(...):

act(() => {
  /* fire events that update state */
});
/* assert on the output */

This ensures that you're testing the behavior the user would see in the browser. Learn more at https://reactjs.org/link/wrap-tests-with-act
    at SetupAgent (/home/runner/workspace/.local/pm9b-lockfile-portability-repair/EchoAI/client/src/onboarding/SetupAgent.jsx:152:3)
Warning: An update to SetupAgent inside a test was not wrapped in act(...).

When testing, code that causes React state updates should be wrapped into act(...):

act(() => {
  /* fire events that update state */
});
/* assert on the output */

This ensures that you're testing the behavior the user would see in the browser. Learn more at https://reactjs.org/link/wrap-tests-with-act
    at SetupAgent (/home/runner/workspace/.local/pm9b-lockfile-portability-repair/EchoAI/client/src/onboarding/SetupAgent.jsx:152:3)
Warning: An update to SetupAgent inside a test was not wrapped in act(...).

When testing, code that causes React state updates should be wrapped into act(...):

act(() => {
  /* fire events that update state */
});
/* assert on the output */

This ensures that you're testing the behavior the user would see in the browser. Learn more at https://reactjs.org/link/wrap-tests-with-act
    at SetupAgent (/home/runner/workspace/.local/pm9b-lockfile-portability-repair/EchoAI/client/src/onboarding/SetupAgent.jsx:152:3)
Warning: An update to SetupAgent inside a test was not wrapped in act(...).

When testing, code that causes React state updates should be wrapped into act(...):

act(() => {
  /* fire events that update state */
});
/* assert on the output */

This ensures that you're testing the behavior the user would see in the browser. Learn more at https://reactjs.org/link/wrap-tests-with-act
    at SetupAgent (/home/runner/workspace/.local/pm9b-lockfile-portability-repair/EchoAI/client/src/onboarding/SetupAgent.jsx:152:3)
Warning: An update to SetupAgent inside a test was not wrapped in act(...).

When testing, code that causes React state updates should be wrapped into act(...):

act(() => {
  /* fire events that update state */
});
/* assert on the output */

This ensures that you're testing the behavior the user would see in the browser. Learn more at https://reactjs.org/link/wrap-tests-with-act
    at SetupAgent (/home/runner/workspace/.local/pm9b-lockfile-portability-repair/EchoAI/client/src/onboarding/SetupAgent.jsx:152:3)
Warning: An update to SetupAgent inside a test was not wrapped in act(...).

When testing, code that causes React state updates should be wrapped into act(...):

act(() => {
  /* fire events that update state */
});
/* assert on the output */

This ensures that you're testing the behavior the user would see in the browser. Learn more at https://reactjs.org/link/wrap-tests-with-act
    at SetupAgent (/home/runner/workspace/.local/pm9b-lockfile-portability-repair/EchoAI/client/src/onboarding/SetupAgent.jsx:152:3)

stderr | src/onboarding/SetupAgent.test.jsx > SetupAgent raced-outcome render branches > a lease that never lifts ends in an honest bounded-timeout message, not an eternal wait
Warning: An update to SetupAgent inside a test was not wrapped in act(...).

When testing, code that causes React state updates should be wrapped into act(...):

act(() => {
  /* fire events that update state */
});
/* assert on the output */

This ensures that you're testing the behavior the user would see in the browser. Learn more at https://reactjs.org/link/wrap-tests-with-act
    at SetupAgent (/home/runner/workspace/.local/pm9b-lockfile-portability-repair/EchoAI/client/src/onboarding/SetupAgent.jsx:152:3)

stderr | src/onboarding/SetupAgent.test.jsx > SetupAgent raced-outcome render branches > a lease that never lifts ends in an honest bounded-timeout message, not an eternal wait
Warning: An update to SetupAgent inside a test was not wrapped in act(...).

When testing, code that causes React state updates should be wrapped into act(...):

act(() => {
  /* fire events that update state */
});
/* assert on the output */

This ensures that you're testing the behavior the user would see in the browser. Learn more at https://reactjs.org/link/wrap-tests-with-act
    at SetupAgent (/home/runner/workspace/.local/pm9b-lockfile-portability-repair/EchoAI/client/src/onboarding/SetupAgent.jsx:152:3)

stderr | src/onboarding/SetupAgent.test.jsx > SetupAgent raced-outcome render branches > a lease that never lifts ends in an honest bounded-timeout message, not an eternal wait
Warning: An update to SetupAgent inside a test was not wrapped in act(...).

When testing, code that causes React state updates should be wrapped into act(...):

act(() => {
  /* fire events that update state */
});
/* assert on the output */

This ensures that you're testing the behavior the user would see in the browser. Learn more at https://reactjs.org/link/wrap-tests-with-act
    at SetupAgent (/home/runner/workspace/.local/pm9b-lockfile-portability-repair/EchoAI/client/src/onboarding/SetupAgent.jsx:152:3)

stderr | src/onboarding/SetupAgent.test.jsx > SetupAgent raced-outcome render branches > a lease that never lifts ends in an honest bounded-timeout message, not an eternal wait
Warning: An update to SetupAgent inside a test was not wrapped in act(...).

When testing, code that causes React state updates should be wrapped into act(...):

act(() => {
  /* fire events that update state */
});
/* assert on the output */

This ensures that you're testing the behavior the user would see in the browser. Learn more at https://reactjs.org/link/wrap-tests-with-act
    at SetupAgent (/home/runner/workspace/.local/pm9b-lockfile-portability-repair/EchoAI/client/src/onboarding/SetupAgent.jsx:152:3)
Warning: An update to SetupAgent inside a test was not wrapped in act(...).

When testing, code that causes React state updates should be wrapped into act(...):

act(() => {
  /* fire events that update state */
});
/* assert on the output */

This ensures that you're testing the behavior the user would see in the browser. Learn more at https://reactjs.org/link/wrap-tests-with-act
    at SetupAgent (/home/runner/workspace/.local/pm9b-lockfile-portability-repair/EchoAI/client/src/onboarding/SetupAgent.jsx:152:3)
Warning: An update to SetupAgent inside a test was not wrapped in act(...).

When testing, code that causes React state updates should be wrapped into act(...):

act(() => {
  /* fire events that update state */
});
/* assert on the output */

This ensures that you're testing the behavior the user would see in the browser. Learn more at https://reactjs.org/link/wrap-tests-with-act
    at SetupAgent (/home/runner/workspace/.local/pm9b-lockfile-portability-repair/EchoAI/client/src/onboarding/SetupAgent.jsx:152:3)
Warning: An update to SetupAgent inside a test was not wrapped in act(...).

When testing, code that causes React state updates should be wrapped into act(...):

act(() => {
  /* fire events that update state */
});
/* assert on the output */

This ensures that you're testing the behavior the user would see in the browser. Learn more at https://reactjs.org/link/wrap-tests-with-act
    at SetupAgent (/home/runner/workspace/.local/pm9b-lockfile-portability-repair/EchoAI/client/src/onboarding/SetupAgent.jsx:152:3)

stderr | src/onboarding/SetupAgent.test.jsx > SetupAgent raced-outcome render branches > a one-shot confirmation never rides a reconcile re-attempt
Warning: An update to SetupAgent inside a test was not wrapped in act(...).

When testing, code that causes React state updates should be wrapped into act(...):

act(() => {
  /* fire events that update state */
});
/* assert on the output */

This ensures that you're testing the behavior the user would see in the browser. Learn more at https://reactjs.org/link/wrap-tests-with-act
    at SetupAgent (/home/runner/workspace/.local/pm9b-lockfile-portability-repair/EchoAI/client/src/onboarding/SetupAgent.jsx:152:3)
Warning: An update to SetupAgent inside a test was not wrapped in act(...).

When testing, code that causes React state updates should be wrapped into act(...):

act(() => {
  /* fire events that update state */
});
/* assert on the output */

This ensures that you're testing the behavior the user would see in the browser. Learn more at https://reactjs.org/link/wrap-tests-with-act
    at SetupAgent (/home/runner/workspace/.local/pm9b-lockfile-portability-repair/EchoAI/client/src/onboarding/SetupAgent.jsx:152:3)
Warning: An update to SetupAgent inside a test was not wrapped in act(...).

When testing, code that causes React state updates should be wrapped into act(...):

act(() => {
  /* fire events that update state */
});
/* assert on the output */

This ensures that you're testing the behavior the user would see in the browser. Learn more at https://reactjs.org/link/wrap-tests-with-act
    at SetupAgent (/home/runner/workspace/.local/pm9b-lockfile-portability-repair/EchoAI/client/src/onboarding/SetupAgent.jsx:152:3)
Warning: An update to SetupAgent inside a test was not wrapped in act(...).

When testing, code that causes React state updates should be wrapped into act(...):

act(() => {
  /* fire events that update state */
});
/* assert on the output */

This ensures that you're testing the behavior the user would see in the browser. Learn more at https://reactjs.org/link/wrap-tests-with-act
    at SetupAgent (/home/runner/workspace/.local/pm9b-lockfile-portability-repair/EchoAI/client/src/onboarding/SetupAgent.jsx:152:3)
Warning: An update to SetupAgent inside a test was not wrapped in act(...).

When testing, code that causes React state updates should be wrapped into act(...):

act(() => {
  /* fire events that update state */
});
/* assert on the output */

This ensures that you're testing the behavior the user would see in the browser. Learn more at https://reactjs.org/link/wrap-tests-with-act
    at SetupAgent (/home/runner/workspace/.local/pm9b-lockfile-portability-repair/EchoAI/client/src/onboarding/SetupAgent.jsx:152:3)
Warning: An update to SetupAgent inside a test was not wrapped in act(...).

When testing, code that causes React state updates should be wrapped into act(...):

act(() => {
  /* fire events that update state */
});
/* assert on the output */

This ensures that you're testing the behavior the user would see in the browser. Learn more at https://reactjs.org/link/wrap-tests-with-act
    at SetupAgent (/home/runner/workspace/.local/pm9b-lockfile-portability-repair/EchoAI/client/src/onboarding/SetupAgent.jsx:152:3)
Warning: An update to SetupAgent inside a test was not wrapped in act(...).

When testing, code that causes React state updates should be wrapped into act(...):

act(() => {
  /* fire events that update state */
});
/* assert on the output */

This ensures that you're testing the behavior the user would see in the browser. Learn more at https://reactjs.org/link/wrap-tests-with-act
    at SetupAgent (/home/runner/workspace/.local/pm9b-lockfile-portability-repair/EchoAI/client/src/onboarding/SetupAgent.jsx:152:3)

stderr | src/onboarding/SetupAgent.test.jsx > SetupAgent raced-outcome render branches > a one-shot confirmation never rides a reconcile re-attempt
Warning: An update to SetupAgent inside a test was not wrapped in act(...).

When testing, code that causes React state updates should be wrapped into act(...):

act(() => {
  /* fire events that update state */
});
/* assert on the output */

This ensures that you're testing the behavior the user would see in the browser. Learn more at https://reactjs.org/link/wrap-tests-with-act
    at SetupAgent (/home/runner/workspace/.local/pm9b-lockfile-portability-repair/EchoAI/client/src/onboarding/SetupAgent.jsx:152:3)

stderr | src/onboarding/SetupAgent.test.jsx > SetupAgent raced-outcome render branches > a one-shot confirmation never rides a reconcile re-attempt
Warning: An update to SetupAgent inside a test was not wrapped in act(...).

When testing, code that causes React state updates should be wrapped into act(...):

act(() => {
  /* fire events that update state */
});
/* assert on the output */

This ensures that you're testing the behavior the user would see in the browser. Learn more at https://reactjs.org/link/wrap-tests-with-act
    at SetupAgent (/home/runner/workspace/.local/pm9b-lockfile-portability-repair/EchoAI/client/src/onboarding/SetupAgent.jsx:152:3)

stderr | src/onboarding/SetupAgent.test.jsx > SetupAgent raced-outcome render branches > a one-shot confirmation never rides a reconcile re-attempt
Warning: An update to SetupAgent inside a test was not wrapped in act(...).

When testing, code that causes React state updates should be wrapped into act(...):

act(() => {
  /* fire events that update state */
});
/* assert on the output */

This ensures that you're testing the behavior the user would see in the browser. Learn more at https://reactjs.org/link/wrap-tests-with-act
    at SetupAgent (/home/runner/workspace/.local/pm9b-lockfile-portability-repair/EchoAI/client/src/onboarding/SetupAgent.jsx:152:3)
Warning: An update to SetupAgent inside a test was not wrapped in act(...).

When testing, code that causes React state updates should be wrapped into act(...):

act(() => {
  /* fire events that update state */
});
/* assert on the output */

This ensures that you're testing the behavior the user would see in the browser. Learn more at https://reactjs.org/link/wrap-tests-with-act
    at SetupAgent (/home/runner/workspace/.local/pm9b-lockfile-portability-repair/EchoAI/client/src/onboarding/SetupAgent.jsx:152:3)
Warning: An update to SetupAgent inside a test was not wrapped in act(...).

When testing, code that causes React state updates should be wrapped into act(...):

act(() => {
  /* fire events that update state */
});
/* assert on the output */

This ensures that you're testing the behavior the user would see in the browser. Learn more at https://reactjs.org/link/wrap-tests-with-act
    at SetupAgent (/home/runner/workspace/.local/pm9b-lockfile-portability-repair/EchoAI/client/src/onboarding/SetupAgent.jsx:152:3)
Warning: An update to SetupAgent inside a test was not wrapped in act(...).

When testing, code that causes React state updates should be wrapped into act(...):

act(() => {
  /* fire events that update state */
});
/* assert on the output */

This ensures that you're testing the behavior the user would see in the browser. Learn more at https://reactjs.org/link/wrap-tests-with-act
    at SetupAgent (/home/runner/workspace/.local/pm9b-lockfile-portability-repair/EchoAI/client/src/onboarding/SetupAgent.jsx:152:3)
Warning: An update to SetupAgent inside a test was not wrapped in act(...).

When testing, code that causes React state updates should be wrapped into act(...):

act(() => {
  /* fire events that update state */
});
/* assert on the output */

This ensures that you're testing the behavior the user would see in the browser. Learn more at https://reactjs.org/link/wrap-tests-with-act
    at SetupAgent (/home/runner/workspace/.local/pm9b-lockfile-portability-repair/EchoAI/client/src/onboarding/SetupAgent.jsx:152:3)
Warning: An update to SetupAgent inside a test was not wrapped in act(...).

When testing, code that causes React state updates should be wrapped into act(...):

act(() => {
  /* fire events that update state */
});
/* assert on the output */

This ensures that you're testing the behavior the user would see in the browser. Learn more at https://reactjs.org/link/wrap-tests-with-act
    at SetupAgent (/home/runner/workspace/.local/pm9b-lockfile-portability-repair/EchoAI/client/src/onboarding/SetupAgent.jsx:152:3)

 ✓ src/onboarding/SetupAgent.test.jsx (31 tests) 1114ms
 ✓ src/onboarding/guided/GuidedSetupWizard.pm8.test.jsx (9 tests) 277ms
 ✓ src/sections/social/ContentCalendar.failedPost.test.jsx (9 tests) 329ms
 ✓ src/onboarding/SetupAgent.interview.test.jsx (8 tests) 353ms
 ✓ src/onboarding/SetupAgent.activationConsent.test.jsx (5 tests) 348ms
 ✓ src/voice/phraseVariety.test.js (16 tests) 19ms
 ✓ src/components/ProfileReview.test.jsx (8 tests) 503ms
 ✓ src/onboarding/SetupAgent.pm5.test.jsx (5 tests) 178ms
 ✓ src/sections/MissionControl.goalAlerts.test.jsx (9 tests) 324ms
 ✓ src/sections/social/AICalendar.reschedule.test.jsx (2 tests) 367ms
 ✓ src/onboarding/guided/GuidedSetupWizard.i53.test.jsx (3 tests) 131ms
 ✓ src/onboarding/guided/GuidedSetupWizard.park.test.jsx (7 tests) 188ms
 ✓ src/sections/social/AICalendar.activationConsent.test.jsx (5 tests) 1147ms
   ✓ AICalendar two-phase activation > edits with the shared form only on Save, then refreshes before a separate approval  353ms
 ✓ src/onboarding/SetupAgent.entryChoice.test.jsx (9 tests) 179ms
 ✓ src/onboarding/SetupAgent.pm8.test.jsx (2 tests) 273ms
 ✓ src/components/GoalAlertHistory.test.jsx (7 tests) 212ms
 ✓ src/sections/social/ContentCalendar.retryBadge.test.jsx (7 tests) 223ms
 ✓ src/onboarding/SetupAgent.pm7.test.jsx (8 tests) 218ms
 ✓ src/onboarding/guided/SageResearchPanel.test.jsx (5 tests) 123ms
 ✓ src/onboarding/SetupAgent.pm6.test.jsx (3 tests) 256ms
stderr | src/App.settingsDeepLink.test.jsx > App settings deep link (goal-alert click-through) > an unknown/foreign brandId shows a fallback notice instead of a silent swap
Warning: An update to App inside a test was not wrapped in act(...).

When testing, code that causes React state updates should be wrapped into act(...):

act(() => {
  /* fire events that update state */
});
/* assert on the output */

This ensures that you're testing the behavior the user would see in the browser. Learn more at https://reactjs.org/link/wrap-tests-with-act
    at App (/home/runner/workspace/.local/pm9b-lockfile-portability-repair/EchoAI/client/src/App.jsx:173:53)
Warning: An update to App inside a test was not wrapped in act(...).

When testing, code that causes React state updates should be wrapped into act(...):

act(() => {
  /* fire events that update state */
});
/* assert on the output */

This ensures that you're testing the behavior the user would see in the browser. Learn more at https://reactjs.org/link/wrap-tests-with-act
    at App (/home/runner/workspace/.local/pm9b-lockfile-portability-repair/EchoAI/client/src/App.jsx:173:53)
Warning: An update to App inside a test was not wrapped in act(...).

When testing, code that causes React state updates should be wrapped into act(...):

act(() => {
  /* fire events that update state */
});
/* assert on the output */

This ensures that you're testing the behavior the user would see in the browser. Learn more at https://reactjs.org/link/wrap-tests-with-act
    at App (/home/runner/workspace/.local/pm9b-lockfile-portability-repair/EchoAI/client/src/App.jsx:173:53)
Warning: An update to App inside a test was not wrapped in act(...).

When testing, code that causes React state updates should be wrapped into act(...):

act(() => {
  /* fire events that update state */
});
/* assert on the output */

This ensures that you're testing the behavior the user would see in the browser. Learn more at https://reactjs.org/link/wrap-tests-with-act
    at App (/home/runner/workspace/.local/pm9b-lockfile-portability-repair/EchoAI/client/src/App.jsx:173:53)
Warning: An update to App inside a test was not wrapped in act(...).

When testing, code that causes React state updates should be wrapped into act(...):

act(() => {
  /* fire events that update state */
});
/* assert on the output */

This ensures that you're testing the behavior the user would see in the browser. Learn more at https://reactjs.org/link/wrap-tests-with-act
    at App (/home/runner/workspace/.local/pm9b-lockfile-portability-repair/EchoAI/client/src/App.jsx:173:53)
Warning: An update to App inside a test was not wrapped in act(...).

When testing, code that causes React state updates should be wrapped into act(...):

act(() => {
  /* fire events that update state */
});
/* assert on the output */

This ensures that you're testing the behavior the user would see in the browser. Learn more at https://reactjs.org/link/wrap-tests-with-act
    at App (/home/runner/workspace/.local/pm9b-lockfile-portability-repair/EchoAI/client/src/App.jsx:173:53)
Warning: An update to App inside a test was not wrapped in act(...).

When testing, code that causes React state updates should be wrapped into act(...):

act(() => {
  /* fire events that update state */
});
/* assert on the output */

This ensures that you're testing the behavior the user would see in the browser. Learn more at https://reactjs.org/link/wrap-tests-with-act
    at App (/home/runner/workspace/.local/pm9b-lockfile-portability-repair/EchoAI/client/src/App.jsx:173:53)
Warning: An update to App inside a test was not wrapped in act(...).

When testing, code that causes React state updates should be wrapped into act(...):

act(() => {
  /* fire events that update state */
});
/* assert on the output */

This ensures that you're testing the behavior the user would see in the browser. Learn more at https://reactjs.org/link/wrap-tests-with-act
    at App (/home/runner/workspace/.local/pm9b-lockfile-portability-repair/EchoAI/client/src/App.jsx:173:53)
Warning: An update to App inside a test was not wrapped in act(...).

When testing, code that causes React state updates should be wrapped into act(...):

act(() => {
  /* fire events that update state */
});
/* assert on the output */

This ensures that you're testing the behavior the user would see in the browser. Learn more at https://reactjs.org/link/wrap-tests-with-act
    at App (/home/runner/workspace/.local/pm9b-lockfile-portability-repair/EchoAI/client/src/App.jsx:173:53)
Warning: An update to App inside a test was not wrapped in act(...).

When testing, code that causes React state updates should be wrapped into act(...):

act(() => {
  /* fire events that update state */
});
/* assert on the output */

This ensures that you're testing the behavior the user would see in the browser. Learn more at https://reactjs.org/link/wrap-tests-with-act
    at App (/home/runner/workspace/.local/pm9b-lockfile-portability-repair/EchoAI/client/src/App.jsx:173:53)
Warning: An update to App inside a test was not wrapped in act(...).

When testing, code that causes React state updates should be wrapped into act(...):

act(() => {
  /* fire events that update state */
});
/* assert on the output */

This ensures that you're testing the behavior the user would see in the browser. Learn more at https://reactjs.org/link/wrap-tests-with-act
    at App (/home/runner/workspace/.local/pm9b-lockfile-portability-repair/EchoAI/client/src/App.jsx:173:53)
Warning: An update to App inside a test was not wrapped in act(...).

When testing, code that causes React state updates should be wrapped into act(...):

act(() => {
  /* fire events that update state */
});
/* assert on the output */

This ensures that you're testing the behavior the user would see in the browser. Learn more at https://reactjs.org/link/wrap-tests-with-act
    at App (/home/runner/workspace/.local/pm9b-lockfile-portability-repair/EchoAI/client/src/App.jsx:173:53)
Warning: An update to App inside a test was not wrapped in act(...).

When testing, code that causes React state updates should be wrapped into act(...):

act(() => {
  /* fire events that update state */
});
/* assert on the output */

This ensures that you're testing the behavior the user would see in the browser. Learn more at https://reactjs.org/link/wrap-tests-with-act
    at App (/home/runner/workspace/.local/pm9b-lockfile-portability-repair/EchoAI/client/src/App.jsx:173:53)
Warning: An update to App inside a test was not wrapped in act(...).

When testing, code that causes React state updates should be wrapped into act(...):

act(() => {
  /* fire events that update state */
});
/* assert on the output */

This ensures that you're testing the behavior the user would see in the browser. Learn more at https://reactjs.org/link/wrap-tests-with-act
    at App (/home/runner/workspace/.local/pm9b-lockfile-portability-repair/EchoAI/client/src/App.jsx:173:53)
Warning: An update to App inside a test was not wrapped in act(...).

When testing, code that causes React state updates should be wrapped into act(...):

act(() => {
  /* fire events that update state */
});
/* assert on the output */

This ensures that you're testing the behavior the user would see in the browser. Learn more at https://reactjs.org/link/wrap-tests-with-act
    at App (/home/runner/workspace/.local/pm9b-lockfile-portability-repair/EchoAI/client/src/App.jsx:173:53)
Warning: An update to App inside a test was not wrapped in act(...).

When testing, code that causes React state updates should be wrapped into act(...):

act(() => {
  /* fire events that update state */
});
/* assert on the output */

This ensures that you're testing the behavior the user would see in the browser. Learn more at https://reactjs.org/link/wrap-tests-with-act
    at App (/home/runner/workspace/.local/pm9b-lockfile-portability-repair/EchoAI/client/src/App.jsx:173:53)
Warning: An update to App inside a test was not wrapped in act(...).

When testing, code that causes React state updates should be wrapped into act(...):

act(() => {
  /* fire events that update state */
});
/* assert on the output */

This ensures that you're testing the behavior the user would see in the browser. Learn more at https://reactjs.org/link/wrap-tests-with-act
    at App (/home/runner/workspace/.local/pm9b-lockfile-portability-repair/EchoAI/client/src/App.jsx:173:53)

 ✓ src/onboarding/SetupAgent.voice.test.jsx (3 tests) 261ms
 ✓ src/App.settingsDeepLink.test.jsx (4 tests) 345ms
 ✓ src/sections/MissionControl.failedPosts.test.jsx (6 tests) 216ms
 ✓ src/sections/ApprovalsInbox.knowledge.test.jsx (4 tests) 191ms
 ✓ src/sections/Settings.focusGoals.test.jsx (3 tests) 345ms
 ✓ src/sections/social/AICalendar.reconnect.test.jsx (2 tests) 218ms
 ✓ src/onboarding/guided/SageResearchPanel.p035.test.jsx (4 tests) 93ms
 ✓ src/sections/Connections.test.jsx (4 tests) 104ms
 ✓ src/components/GoalEditorCard.mute.test.jsx (4 tests) 339ms
 ✓ src/sections/social/ReschedulePost.test.jsx (4 tests) 231ms
 ✓ src/lib/notificationPriority.test.js (11 tests) 13ms
 ✓ src/missioncontrol/CoreHero.state.test.jsx (9 tests) 314ms
 ✓ src/sections/social/AccountHealthBanner.test.jsx (5 tests) 160ms
 ✓ src/components/ui/ui.test.jsx (9 tests) 340ms
 ✓ src/tour/tourNarration.test.js (12 tests) 11ms
 ✓ src/sections/email/DripSequences.failedRetry.test.jsx (2 tests) 187ms
 ✓ src/missioncontrol/CoreHero.mute.test.jsx (6 tests) 202ms
 ✓ src/sections/CompetitorSites.test.jsx (3 tests) 80ms
 ✓ src/voice/flightRecorder.test.js (6 tests) 11ms
 ✓ src/sections/Sage.insights.test.jsx (2 tests) 137ms
 ✓ src/voice/VoicePlayer.test.jsx (3 tests) 137ms
 ✓ src/sections/RoiDashboard.goals.test.jsx (2 tests) 180ms
 ✓ src/sections/SmsMarketing.retryBlast.test.jsx (2 tests) 192ms
 ✓ src/lib/voiceSettings.test.js (6 tests) 6ms
 ✓ src/onboarding/guided/ConnectionsStep.tiers.test.jsx (3 tests) 61ms
 ✓ src/components/GoalsPanel.muted.test.jsx (3 tests) 75ms
 ✓ src/sections/SageOpportunities.lifecycle.test.jsx (5 tests) 3ms

 Test Files  53 passed (53)
      Tests  518 passed (518)
   Start at  23:09:45
   Duration  11.20s (transform 4.72s, setup 7.99s, collect 9.92s, tests 12.73s, environment 26.46s, prepare 4.74s)

